Mon Sep 28 12:55:05 CEST 2026
NVIDIA H100
/gpfs/home6/twouters2/projects/49_strange_quark_stars/.venv/lib/python3.12/site-packages/jaxopt/_src/osqp.py:333: SyntaxWarning: invalid escape sequence '\m'
  Dual Ineq variables: :math:`\mu, \phi`
[INFO] jester: jesterTOV version 0.2.3 (git 837934f)
[INFO] jester: Loading configuration from config.yaml
[WARNING] jester: Pulsar 3 (J0614) missing 'maryland_model_dir'. NICERLikelihood.__init__ will raise ValueError at runtime. Preset model paths are not yet implemented.
[INFO] jester: JAX devices: [CudaDevice(id=0)]
[INFO] jester: Setting up prior...
[INFO] jester: Fixed parameters found in prior file: {'E_sat': -16.0}
[INFO] jester: Prior has 26 dimensions
[INFO] jester: Prior parameter names: ['K_sat', 'Q_sat', 'Z_sat', 'E_sym', 'L_sym', 'K_sym', 'Q_sym', 'Z_sym', 'nbreak', 'n_CSE_0_u', 'cs2_CSE_0', 'n_CSE_1_u', 'cs2_CSE_1', 'n_CSE_2_u', 'cs2_CSE_2', 'n_CSE_3_u', 'cs2_CSE_3', 'n_CSE_4_u', 'cs2_CSE_4', 'n_CSE_5_u', 'cs2_CSE_5', 'n_CSE_6_u', 'cs2_CSE_6', 'n_CSE_7_u', 'cs2_CSE_7', 'cs2_CSE_8']
[INFO] jester:   [0] K_sat: Uniform(150.0, 300.0)
[INFO] jester:   [1] Q_sat: Uniform(-500.0, 1100.0)
[INFO] jester:   [2] Z_sat: Uniform(-2500.0, 1500.0)
[INFO] jester:   [3] E_sym: Uniform(28.0, 45.0)
[INFO] jester:   [4] L_sym: Uniform(10.0, 200.0)
[INFO] jester:   [5] K_sym: Uniform(-300.0, 100.0)
[INFO] jester:   [6] Q_sym: Uniform(-800.0, 800.0)
[INFO] jester:   [7] Z_sym: Uniform(-2500.0, 1500.0)
[INFO] jester:   [8] nbreak: Uniform(0.16, 0.32)
[INFO] jester:   [9] n_CSE_0_u: Uniform(0.0, 1.0)
[INFO] jester:   [10] cs2_CSE_0: Uniform(0.0, 1.0)
[INFO] jester:   [11] n_CSE_1_u: Uniform(0.0, 1.0)
[INFO] jester:   [12] cs2_CSE_1: Uniform(0.0, 1.0)
[INFO] jester:   [13] n_CSE_2_u: Uniform(0.0, 1.0)
[INFO] jester:   [14] cs2_CSE_2: Uniform(0.0, 1.0)
[INFO] jester:   [15] n_CSE_3_u: Uniform(0.0, 1.0)
[INFO] jester:   [16] cs2_CSE_3: Uniform(0.0, 1.0)
[INFO] jester:   [17] n_CSE_4_u: Uniform(0.0, 1.0)
[INFO] jester:   [18] cs2_CSE_4: Uniform(0.0, 1.0)
[INFO] jester:   [19] n_CSE_5_u: Uniform(0.0, 1.0)
[INFO] jester:   [20] cs2_CSE_5: Uniform(0.0, 1.0)
[INFO] jester:   [21] n_CSE_6_u: Uniform(0.0, 1.0)
[INFO] jester:   [22] cs2_CSE_6: Uniform(0.0, 1.0)
[INFO] jester:   [23] n_CSE_7_u: Uniform(0.0, 1.0)
[INFO] jester:   [24] cs2_CSE_7: Uniform(0.0, 1.0)
[INFO] jester:   [25] cs2_CSE_8: Uniform(0.0, 1.0)
[INFO] jester: Setting up transform...
[INFO] jester: Derived max_nbreak from nbreak prior: 2.0000 n_sat
[INFO] jester: Initialized JesterTransform: EOS=MetaModel_with_CSE_EOS_model, TOV=<jesterTOV.tov.gr.GRTOVSolver object at 0x14f1b6ee9730>
[INFO] jester:   Fixed parameters: {'E_sat': -16.0}
[INFO] jester: EOS type: metamodel_cse
[INFO] jester:   nb_CSE: 8
[INFO] jester:   ndat_metamodel: 200
[INFO] jester:   nmax_nsat: 25.0
[INFO] jester: TOV solver: gr
[INFO] jester:   ndat_TOV: 100
[INFO] jester: Checking to prepare GW normalizing flows...
[INFO] jester: Setting up likelihood...
[INFO] jester: Initialized RadioTimingLikelihood for J0740+6620: mean=2.08, std=0.07, m_min=0.1, penalty_value=0.0
[INFO] jester: Loading NF model for GW170817 from /gpfs/home6/twouters2/projects/48_gwem_nondetections/jester/jesterTOV/inference/flows/models/gw_maf/gw170817/gw170817_xp_nrtv3
[INFO] jester: Loaded NF model for GW170817
[INFO] jester: Pre-sampling 2000 mass pairs with seed=42 for GW170817
[INFO] jester: Pre-sampled mass range: m1=[1.362, 1.764] Msun, m2=[1.069, 1.368] Msun
[INFO] jester: Loading Amsterdam flow for J0030 from /home/twouters2/projects/48_gwem_nondetections/jester/jesterTOV/inference/flows/models/nicer_maf/J00300451/amsterdam_pdtu
[INFO] jester: Pre-sampled Amsterdam mass range: [1.020, 2.153] Msun
Amsterdam flow loaded for J0030. Pre-sampled mass range: [1.020, 2.153] Msun
[INFO] jester: Loading Maryland flow for J0030 from /home/twouters2/projects/48_gwem_nondetections/jester/jesterTOV/inference/flows/models/nicer_maf/J00300451/maryland_2spot_rm
[INFO] jester: Pre-sampled Maryland mass range: [1.009, 2.039] Msun
Maryland flow loaded for J0030. Pre-sampled mass range: [1.009, 2.039] Msun
[INFO] jester: Loaded 2 normalizing flow(s) for J0030
[INFO] jester: Loading Amsterdam flow for J0740 from /home/twouters2/projects/48_gwem_nondetections/jester/jesterTOV/inference/flows/models/nicer_maf/J07406620/amsterdam_gamma_nicerxmm
[INFO] jester: Pre-sampled Amsterdam mass range: [1.866, 2.305] Msun
Amsterdam flow loaded for J0740. Pre-sampled mass range: [1.866, 2.305] Msun
[INFO] jester: Loading Maryland flow for J0740 from /home/twouters2/projects/48_gwem_nondetections/jester/jesterTOV/inference/flows/models/nicer_maf/J07406620/maryland_unknown_nicerxmm_rm
[INFO] jester: Pre-sampled Maryland mass range: [1.777, 2.380] Msun
Maryland flow loaded for J0740. Pre-sampled mass range: [1.777, 2.380] Msun
[INFO] jester: Loaded 2 normalizing flow(s) for J0740
[INFO] jester: Loading Amsterdam flow for J0437 from /home/twouters2/projects/48_gwem_nondetections/jester/jesterTOV/inference/flows/models/nicer_maf/J04374715/amsterdam_cst_pdt/
[INFO] jester: Pre-sampled Amsterdam mass range: [1.327, 1.513] Msun
Amsterdam flow loaded for J0437. Pre-sampled mass range: [1.327, 1.513] Msun
[INFO] jester: Loading Maryland flow for J0437 from /home/twouters2/projects/48_gwem_nondetections/jester/jesterTOV/inference/flows/models/nicer_maf/J04374715/maryland/
[INFO] jester: Pre-sampled Maryland mass range: [1.278, 1.580] Msun
Maryland flow loaded for J0437. Pre-sampled mass range: [1.278, 1.580] Msun
[INFO] jester: Loaded 2 normalizing flow(s) for J0437
[INFO] jester: Loading Amsterdam flow for J0614 from /home/twouters2/projects/48_gwem_nondetections/jester/jesterTOV/inference/flows/models/nicer_maf/J06143329/amsterdam_st_pdt/
[INFO] jester: Pre-sampled Amsterdam mass range: [1.244, 1.659] Msun
Amsterdam flow loaded for J0614. Pre-sampled mass range: [1.244, 1.659] Msun
[INFO] jester: Loaded 1 normalizing flow(s) for J0614
[INFO] jester: Number of enabled likelihoods: 4
[INFO] jester:   - CONSTRAINTS_EOS:
[INFO] jester:     {
      "type": "constraints_eos",
      "penalty_causality": -10000000000.0,
      "penalty_stability": -10000000000.0,
      "penalty_pressure": -10000000000.0
}
[INFO] jester:   - RADIO:
[INFO] jester:     {
      "type": "radio",
      "pulsars": [
            {
                  "name": "J0740+6620",
                  "mass_mean": 2.08,
                  "mass_std": 0.07
            }
      ],
      "penalty_value": 0.0
}
[INFO] jester:   - GW:
[INFO] jester:     {
      "type": "gw",
      "events": [
            {
                  "name": "GW170817",
                  "nf_model_dir": "/home/twouters2/projects/48_gwem_nondetections/jester/jesterTOV/inference/flows/models/gw_maf/gw170817/gw170817_xp_nrtv3/",
                  "from_bilby_result": null,
                  "from_npz_file": null,
                  "flow_config": null,
                  "retrain_flow": false
            }
      ],
      "penalty_value": 0.0,
      "N_masses_evaluation": 2000,
      "N_masses_batch_size": 1000,
      "seed": 42
}
[INFO] jester:   - NICER:
[INFO] jester:     {
      "type": "nicer",
      "pulsars": [
            {
                  "name": "J0030",
                  "amsterdam_model_dir": "/home/twouters2/projects/48_gwem_nondetections/jester/jesterTOV/inference/flows/models/nicer_maf/J00300451/amsterdam_pdtu",
                  "maryland_model_dir": "/home/twouters2/projects/48_gwem_nondetections/jester/jesterTOV/inference/flows/models/nicer_maf/J00300451/maryland_2spot_rm"
            },
            {
                  "name": "J0740",
                  "amsterdam_model_dir": "/home/twouters2/projects/48_gwem_nondetections/jester/jesterTOV/inference/flows/models/nicer_maf/J07406620/amsterdam_gamma_nicerxmm",
                  "maryland_model_dir": "/home/twouters2/projects/48_gwem_nondetections/jester/jesterTOV/inference/flows/models/nicer_maf/J07406620/maryland_unknown_nicerxmm_rm"
            },
            {
                  "name": "J0437",
                  "amsterdam_model_dir": "/home/twouters2/projects/48_gwem_nondetections/jester/jesterTOV/inference/flows/models/nicer_maf/J04374715/amsterdam_cst_pdt/",
                  "maryland_model_dir": "/home/twouters2/projects/48_gwem_nondetections/jester/jesterTOV/inference/flows/models/nicer_maf/J04374715/maryland/"
            },
            {
                  "name": "J0614",
                  "amsterdam_model_dir": "/home/twouters2/projects/48_gwem_nondetections/jester/jesterTOV/inference/flows/models/nicer_maf/J06143329/amsterdam_st_pdt/"
            }
      ],
      "N_masses_evaluation": 2000,
      "N_masses_batch_size": 1000,
      "seed": 42
}
[INFO] jester: Setting up smc-rw sampler...
[INFO] jester: Initializing BlackJAX SMC sampler with random_walk kernel
[INFO] jester: Configuration: 5000 particles, 20 MCMC steps per tempering stage
[INFO] jester: Target ESS: 0.9
[INFO] jester: ============================================================
[INFO] jester: Configuration Summary
[INFO] jester: ============================================================
[INFO] jester: EOS type: metamodel_cse
[INFO] jester: TOV solver: gr
[INFO] jester: Random seed: 43
[INFO] jester: Sampler type: smc-rw
[INFO] jester: Sampler Configuration:
[INFO] jester:   Particles: 5000
[INFO] jester:   MCMC steps: 20
[INFO] jester:   Target ESS: 0.9
[INFO] jester:   EOS samples to generate: 5000
[INFO] jester:   Output directory: ./outdir/
[INFO] jester: ============================================================

[INFO] jester: Testing likelihood evaluation...
[INFO] jester: Test log probabilities: [-1.00053216e+05 -2.62526691e+01 -1.00053119e+05]
[INFO] jester: Starting sampling with seed 43...
[INFO] jester: Starting SMC sampling with random_walk kernel...
[INFO] jester: Using random walk kernel
[INFO] jester: Fixed sigma scaling: 0.05
[INFO] jester: ======================================================================
[INFO] jester: STARTING ADAPTIVE TEMPERING
[INFO] jester: ======================================================================
[INFO] jester: Kernel: RANDOM_WALK
[INFO] jester: Particles: 5000
[INFO] jester: MCMC steps per tempering: 20
[INFO] jester: Target ESS: 90%
[INFO] jester: Temperature progression: lambda = 0 (prior) -> 1 (posterior)
[INFO] jester: Progress updates will be shown after each annealing step
[INFO] jester: ======================================================================
[INFO] jester: Running SMC loop (this may take several minutes)...
[INFO] jester: Step    0 | λ=0.000009 | ESS= 89.9% | Accept= 73.7% | logZ=  -0.164 | t=00:01:35 | ░░░░░░░░░░░░░░░░░░░░░░░░░░░░░░
[INFO] jester: Step    1 | λ=0.000017 | ESS= 96.7% | Accept= 73.1% | logZ=  -0.222 | t=00:02:01 | ░░░░░░░░░░░░░░░░░░░░░░░░░░░░░░
[INFO] jester: Step    2 | λ=0.008379 | ESS= 95.4% | Accept= 72.5% | logZ=  -0.453 | t=00:02:28 | ░░░░░░░░░░░░░░░░░░░░░░░░░░░░░░
[INFO] jester: Step    3 | λ=0.038565 | ESS= 94.2% | Accept= 72.7% | logZ=  -1.090 | t=00:02:56 | █░░░░░░░░░░░░░░░░░░░░░░░░░░░░░
[INFO] jester: Step    4 | λ=0.080478 | ESS= 92.2% | Accept= 71.9% | logZ=  -1.878 | t=00:03:23 | ██░░░░░░░░░░░░░░░░░░░░░░░░░░░░
[INFO] jester: Step    5 | λ=0.129811 | ESS= 92.9% | Accept= 70.9% | logZ=  -2.704 | t=00:03:50 | ███░░░░░░░░░░░░░░░░░░░░░░░░░░░
[INFO] jester: Step    6 | λ=0.191607 | ESS= 93.1% | Accept= 70.4% | logZ=  -3.642 | t=00:04:17 | █████░░░░░░░░░░░░░░░░░░░░░░░░░
[INFO] jester: Step    7 | λ=0.271242 | ESS= 93.4% | Accept= 69.1% | logZ=  -4.743 | t=00:04:45 | ████████░░░░░░░░░░░░░░░░░░░░░░
[INFO] jester: Step    8 | λ=0.377149 | ESS= 93.2% | Accept= 68.3% | logZ=  -6.111 | t=00:05:13 | ███████████░░░░░░░░░░░░░░░░░░░
[INFO] jester: Step    9 | λ=0.513701 | ESS= 93.0% | Accept= 66.8% | logZ=  -7.775 | t=00:05:40 | ███████████████░░░░░░░░░░░░░░░
[INFO] jester: Step   10 | λ=0.686387 | ESS= 93.2% | Accept= 65.6% | logZ=  -9.774 | t=00:06:07 | ████████████████████░░░░░░░░░░
[INFO] jester: Step   11 | λ=0.906360 | ESS= 92.3% | Accept= 63.8% | logZ= -12.224 | t=00:06:34 | ███████████████████████████░░░
[INFO] jester: Step   12 | λ=1.000000 | ESS= 98.8% | Accept= 61.8% | logZ= -13.243 | t=00:07:01 | ██████████████████████████████
[INFO] jester: Sampling complete! Runtime: 7 min 2 sec
[INFO] jester: Generating SMC diagnostic plots...
[INFO] jester: Saved diagnostic plot to outdir/smc_diagnostics.png
[INFO] jester: Creating InferenceResult from sampler output...
[INFO] jester: Extracting results from blackjax_smc_rw sampler
[INFO] jester: Computed 5000 log probability values
[INFO] jester: ============================================================
[INFO] jester: Generating EOS from posterior samples
[INFO] jester: ============================================================
[INFO] jester: Generating EOS for all 5000 posterior samples
[INFO] jester: Applying transform to 5000 samples...
[INFO] jester: Using batch size: 1000
[INFO] jester: TOV solve time: 12.37 s (5000 samples)
[INFO] jester: Adding derived EOS quantities to posterior
[INFO] jester: Added 8 derived EOS quantities
[INFO] jester: EOS generation complete!
[INFO] jester: ============================================================
[INFO] jester: Saving inference results to outdir/results.h5
[INFO] jester: Successfully saved results to outdir/results.h5
[INFO] jester: Results saved to ./outdir/results.h5
[INFO] jester: ============================================================
[INFO] jester: Running postprocessing...
[INFO] jester: ============================================================
[INFO] jester: TeX rendering enabled
[INFO] jester: Generating plots for directory: ./outdir/
[INFO] jester: Saving plots to: ./outdir/figures
[INFO] jester: Loading inference results from outdir/results.h5
[INFO] jester: Successfully loaded blackjax_smc_rw results
[INFO] jester: Found 26 parameter names in metadata: ['K_sat', 'Q_sat', 'Z_sat', 'E_sym', 'L_sym', 'K_sym', 'Q_sym', 'Z_sym', 'nbreak', 'n_CSE_0_u', 'cs2_CSE_0', 'n_CSE_1_u', 'cs2_CSE_1', 'n_CSE_2_u', 'cs2_CSE_2', 'n_CSE_3_u', 'cs2_CSE_3', 'n_CSE_4_u', 'cs2_CSE_4', 'n_CSE_5_u', 'cs2_CSE_5', 'n_CSE_6_u', 'cs2_CSE_6', 'n_CSE_7_u', 'cs2_CSE_7', 'cs2_CSE_8']
[INFO] jester: Data loaded successfully!
[INFO] jester: Creating cornerplot...
[INFO] jester: Excluding 17 CSE parameters from cornerplot: ['cs2_CSE_0', 'cs2_CSE_1', 'cs2_CSE_2', 'cs2_CSE_3', 'cs2_CSE_4', 'cs2_CSE_5', 'cs2_CSE_6', 'cs2_CSE_7', 'cs2_CSE_8', 'n_CSE_0_u', 'n_CSE_1_u', 'n_CSE_2_u', 'n_CSE_3_u', 'n_CSE_4_u', 'n_CSE_5_u', 'n_CSE_6_u', 'n_CSE_7_u']
[INFO] jester: Creating cornerplot with 9 parameters
[INFO] jester: Cornerplot saved to ./outdir/figures/cornerplot.pdf
[INFO] jester: Creating mass-radius plot...
[INFO] jester: Plotting 4994 M-R curves (excluded 6 invalid samples)...
[INFO] jester: Mass-radius plot saved to ./outdir/figures/mass_radius_plot.pdf
[INFO] jester: Creating mass-Lambda plot...
[INFO] jester: Plotting 4994 M-Lambda curves (excluded 6 invalid samples)...
[INFO] jester: Mass-Lambda plot saved to ./outdir/figures/mass_lambda_plot.pdf
[INFO] jester: Creating pressure-density plot...
[INFO] jester: Plotting 4994 p-n curves (excluded 6 invalid)...
[INFO] jester: Pressure-density plot saved to ./outdir/figures/pressure_density_plot.pdf
[INFO] jester: Creating parameter histograms...
[INFO] jester: MTOV histogram saved to ./outdir/figures/MTOV_histogram.pdf
[INFO] jester: R14 histogram saved to ./outdir/figures/R14_histogram.pdf
[INFO] jester: Lambda14 histogram saved to ./outdir/figures/Lambda14_histogram.pdf
[INFO] jester: p3nsat histogram saved to ./outdir/figures/p3nsat_histogram.pdf
[INFO] jester: n_TOV histogram saved to ./outdir/figures/n_TOV_histogram.pdf
[INFO] jester: Creating cs2-density plot...
[INFO] jester: Plotting 4994 cs2-n curves (excluded 6 invalid)...
[INFO] jester: cs2-density plot saved to ./outdir/figures/cs2_density_plot.pdf
[INFO] jester: All plotting scripts executed and generated plots saved to ./outdir/figures
[INFO] jester: 
Postprocessing complete! Plots saved to ./outdir/
[INFO] jester: 
Inference complete! Results saved to ./outdir/
